C:\LaptopTracker\LaptopTracker\Views\LoanerDevices\Create.cshtml(76,36): error RZ1031: The tag helper 'option' must not have C# in the element's attribute declaration area. [C:\LaptopTracker\LaptopTracker\LaptopTracker.csproj]
C:\LaptopTracker\LaptopTracker\Views\LoanerDevices\Create.cshtml(97,36): error RZ1031: The tag helper 'option' must not have C# in the element's attribute declaration area. [C:\LaptopTracker\LaptopTracker\LaptopTracker.csproj]
C:\LaptopTracker\LaptopTracker\Views\LoanerDevices\Create.cshtml(99,41): error RZ1031: The tag helper 'option' must not have C# in the element's attribute declaration area. [C:\LaptopTracker\LaptopTracker\LaptopTracker.csproj]
C:\LaptopTracker\LaptopTracker\Views\LoanerDevices\Create.cshtml(111,41): error RZ1031: The tag helper 'option' must not have C# in the element's attribute declaration area. [C:\LaptopTracker\LaptopTracker\LaptopTracker.csproj]
C:\LaptopTracker\LaptopTracker\Views\LoanerDevices\Create.cshtml(112,44): error RZ1031: The tag helper 'option' must not have C# in the element's attribute declaration area. [C:\LaptopTracker\LaptopTracker\LaptopTracker.csproj]
C:\LaptopTracker\LaptopTracker\Views\LoanerDevices\Create.cshtml(122,36): error RZ1031: The tag helper 'option' must not have C# in the element's attribute declaration area. [C:\LaptopTracker\LaptopTracker\LaptopTracker.csproj]
C:\LaptopTracker\LaptopTracker\Views\LoanerDevices\Edit.cshtml(82,36): error RZ1031: The tag helper 'option' must not have C# in the element's attribute declaration area. [C:\LaptopTracker\LaptopTracker\LaptopTracker.csproj]
C:\LaptopTracker\LaptopTracker\Views\LoanerDevices\Edit.cshtml(103,36): error RZ1031: The tag helper 'option' must not have C# in the element's attribute declaration area. [C:\LaptopTracker\LaptopTracker\LaptopTracker.csproj]
C:\LaptopTracker\LaptopTracker\Views\LoanerDevices\Edit.cshtml(105,41): error RZ1031: The tag helper 'option' must not have C# in the element's attribute declaration area. [C:\LaptopTracker\LaptopTracker\LaptopTracker.csproj]
C:\LaptopTracker\LaptopTracker\Views\LoanerDevices\Edit.cshtml(117,41): error RZ1031: The tag helper 'option' must not have C# in the element's attribute declaration area. [C:\LaptopTracker\LaptopTracker\LaptopTracker.csproj]
C:\LaptopTracker\LaptopTracker\Views\LoanerDevices\Edit.cshtml(118,44): error RZ1031: The tag helper 'option' must not have C# in the element's attribute declaration area. [C:\LaptopTracker\LaptopTracker\LaptopTracker.csproj]
C:\LaptopTracker\LaptopTracker\Views\LoanerDevices\Edit.cshtml(128,36): error RZ1031: The tag helper 'option' must not have C# in the element's attribute declaration area. [C:\LaptopTracker\LaptopTracker\LaptopTracker.csproj]
C:\LaptopTracker\LaptopTracker\Views\LoanerDevices\Index.cshtml(118,37): error RZ1031: The tag helper 'option' must not have C# in the element's attribute declaration area. [C:\LaptopTracker\LaptopTracker\LaptopTracker.csproj]
C:\LaptopTracker\LaptopTracker\Views\LoanerDevices\Index.cshtml(119,40): error RZ1031: The tag helper 'option' must not have C# in the element's attribute declaration area. [C:\LaptopTracker\LaptopTracker\LaptopTracker.csproj]
C:\LaptopTracker\LaptopTracker\Views\LoanerDevices\Index.cshtml(125,34): error RZ1031: The tag helper 'option' must not have C# in the element's attribute declaration area. [C:\LaptopTracker\LaptopTracker\LaptopTracker.csproj]
C:\LaptopTracker\LaptopTracker\Views\LoanerDevices\Index.cshtml(132,32): error RZ1031: The tag helper 'option' must not have C# in the element's attribute declaration area. [C:\LaptopTracker\LaptopTracker\LaptopTracker.csproj]
C:\LaptopTracker\LaptopTracker\Views\LoanerDevices\Index.cshtml(139,32): error RZ1031: The tag helper 'option' must not have C# in the element's attribute declaration area. [C:\LaptopTracker\LaptopTracker\LaptopTracker.csproj]
C:\LaptopTracker\LaptopTracker\Views\ReturnDevices\Create.cshtml(82,36): error RZ1031: The tag helper 'option' must not have C# in the element's attribute declaration area. [C:\LaptopTracker\LaptopTracker\LaptopTracker.csproj]
C:\LaptopTracker\LaptopTracker\Views\ReturnDevices\Create.cshtml(106,38): error RZ1031: The tag helper 'option' must not have C# in the element's attribute declaration area. [C:\LaptopTracker\LaptopTracker\LaptopTracker.csproj]
C:\LaptopTracker\LaptopTracker\Views\ReturnDevices\Create.cshtml(114,45): error RZ1031: The tag helper 'option' must not have C# in the element's attribute declaration area. [C:\LaptopTracker\LaptopTracker\LaptopTracker.csproj]
C:\LaptopTracker\LaptopTracker\Views\ReturnDevices\Create.cshtml(115,40): error RZ1031: The tag helper 'option' must not have C# in the element's attribute declaration area. [C:\LaptopTracker\LaptopTracker\LaptopTracker.csproj]
C:\LaptopTracker\LaptopTracker\Views\ReturnDevices\Create.cshtml(137,32): error RZ1031: The tag helper 'option' must not have C# in the element's attribute declaration area. [C:\LaptopTracker\LaptopTracker\LaptopTracker.csproj]
C:\LaptopTracker\LaptopTracker\Views\ReturnDevices\Create.cshtml(138,36): error RZ1031: The tag helper 'option' must not have C# in the element's attribute declaration area. [C:\LaptopTracker\LaptopTracker\LaptopTracker.csproj]
C:\LaptopTracker\LaptopTracker\Views\ReturnDevices\Create.cshtml(139,37): error RZ1031: The tag helper 'option' must not have C# in the element's attribute declaration area. [C:\LaptopTracker\LaptopTracker\LaptopTracker.csproj]
C:\LaptopTracker\LaptopTracker\Views\ReturnDevices\Create.cshtml(146,32): error RZ1031: The tag helper 'option' must not have C# in the element's attribute declaration area. [C:\LaptopTracker\LaptopTracker\LaptopTracker.csproj]
C:\LaptopTracker\LaptopTracker\Views\ReturnDevices\Create.cshtml(147,36): error RZ1031: The tag helper 'option' must not have C# in the element's attribute declaration area. [C:\LaptopTracker\LaptopTracker\LaptopTracker.csproj]
C:\LaptopTracker\LaptopTracker\Views\ReturnDevices\Create.cshtml(148,37): error RZ1031: The tag helper 'option' must not have C# in the element's attribute declaration area. [C:\LaptopTracker\LaptopTracker\LaptopTracker.csproj]
C:\LaptopTracker\LaptopTracker\Views\ReturnDevices\Create.cshtml(158,36): error RZ1031: The tag helper 'option' must not have C# in the element's attribute declaration area. [C:\LaptopTracker\LaptopTracker\LaptopTracker.csproj]
C:\LaptopTracker\LaptopTracker\Views\ReturnDevices\Create.cshtml(160,41): error RZ1031: The tag helper 'option' must not have C# in the element's attribute declaration area. [C:\LaptopTracker\LaptopTracker\LaptopTracker.csproj]
C:\LaptopTracker\LaptopTracker\Views\ReturnDevices\Edit.cshtml(79,36): error RZ1031: The tag helper 'option' must not have C# in the element's attribute declaration area. [C:\LaptopTracker\LaptopTracker\LaptopTracker.csproj]
C:\LaptopTracker\LaptopTracker\Views\ReturnDevices\Edit.cshtml(99,38): error RZ1031: The tag helper 'option' must not have C# in the element's attribute declaration area. [C:\LaptopTracker\LaptopTracker\LaptopTracker.csproj]
C:\LaptopTracker\LaptopTracker\Views\ReturnDevices\Edit.cshtml(107,45): error RZ1031: The tag helper 'option' must not have C# in the element's attribute declaration area. [C:\LaptopTracker\LaptopTracker\LaptopTracker.csproj]
C:\LaptopTracker\LaptopTracker\Views\ReturnDevices\Edit.cshtml(108,40): error RZ1031: The tag helper 'option' must not have C# in the element's attribute declaration area. [C:\LaptopTracker\LaptopTracker\LaptopTracker.csproj]
C:\LaptopTracker\LaptopTracker\Views\ReturnDevices\Edit.cshtml(130,32): error RZ1031: The tag helper 'option' must not have C# in the element's attribute declaration area. [C:\LaptopTracker\LaptopTracker\LaptopTracker.csproj]
C:\LaptopTracker\LaptopTracker\Views\ReturnDevices\Edit.cshtml(131,36): error RZ1031: The tag helper 'option' must not have C# in the element's attribute declaration area. [C:\LaptopTracker\LaptopTracker\LaptopTracker.csproj]
C:\LaptopTracker\LaptopTracker\Views\ReturnDevices\Edit.cshtml(132,37): error RZ1031: The tag helper 'option' must not have C# in the element's attribute declaration area. [C:\LaptopTracker\LaptopTracker\LaptopTracker.csproj]
C:\LaptopTracker\LaptopTracker\Views\ReturnDevices\Edit.cshtml(139,32): error RZ1031: The tag helper 'option' must not have C# in the element's attribute declaration area. [C:\LaptopTracker\LaptopTracker\LaptopTracker.csproj]
C:\LaptopTracker\LaptopTracker\Views\ReturnDevices\Edit.cshtml(140,36): error RZ1031: The tag helper 'option' must not have C# in the element's attribute declaration area. [C:\LaptopTracker\LaptopTracker\LaptopTracker.csproj]
C:\LaptopTracker\LaptopTracker\Views\ReturnDevices\Edit.cshtml(141,37): error RZ1031: The tag helper 'option' must not have C# in the element's attribute declaration area. [C:\LaptopTracker\LaptopTracker\LaptopTracker.csproj]
C:\LaptopTracker\LaptopTracker\Views\ReturnDevices\Edit.cshtml(151,36): error RZ1031: The tag helper 'option' must not have C# in the element's attribute declaration area. [C:\LaptopTracker\LaptopTracker\LaptopTracker.csproj]
C:\LaptopTracker\LaptopTracker\Views\ReturnDevices\Edit.cshtml(153,41): error RZ1031: The tag helper 'option' must not have C# in the element's attribute declaration area. [C:\LaptopTracker\LaptopTracker\LaptopTracker.csproj]
C:\LaptopTracker\LaptopTracker\Views\ReturnDevices\Index.cshtml(122,41): error RZ1031: The tag helper 'option' must not have C# in the element's attribute declaration area. [C:\LaptopTracker\LaptopTracker\LaptopTracker.csproj]
C:\LaptopTracker\LaptopTracker\Views\ReturnDevices\Index.cshtml(123,36): error RZ1031: The tag helper 'option' must not have C# in the element's attribute declaration area. [C:\LaptopTracker\LaptopTracker\LaptopTracker.csproj]
C:\LaptopTracker\LaptopTracker\Views\ReturnDevices\Index.cshtml(129,34): error RZ1031: The tag helper 'option' must not have C# in the element's attribute declaration area. [C:\LaptopTracker\LaptopTracker\LaptopTracker.csproj]
C:\LaptopTracker\LaptopTracker\Views\ReturnDevices\Index.cshtml(136,32): error RZ1031: The tag helper 'option' must not have C# in the element's attribute declaration area. [C:\LaptopTracker\LaptopTracker\LaptopTracker.csproj]
C:\LaptopTracker\LaptopTracker\Views\WicStock\Create.cshtml(75,36): error RZ1031: The tag helper 'option' must not have C# in the element's attribute declaration area. [C:\LaptopTracker\LaptopTracker\LaptopTracker.csproj]
C:\LaptopTracker\LaptopTracker\Views\WicStock\Create.cshtml(96,36): error RZ1031: The tag helper 'option' must not have C# in the element's attribute declaration area. [C:\LaptopTracker\LaptopTracker\LaptopTracker.csproj]
C:\LaptopTracker\LaptopTracker\Views\WicStock\Create.cshtml(98,41): error RZ1031: The tag helper 'option' must not have C# in the element's attribute declaration area. [C:\LaptopTracker\LaptopTracker\LaptopTracker.csproj]
C:\LaptopTracker\LaptopTracker\Views\WicStock\Create.cshtml(110,41): error RZ1031: The tag helper 'option' must not have C# in the element's attribute declaration area. [C:\LaptopTracker\LaptopTracker\LaptopTracker.csproj]
C:\LaptopTracker\LaptopTracker\Views\WicStock\Create.cshtml(111,44): error RZ1031: The tag helper 'option' must not have C# in the element's attribute declaration area. [C:\LaptopTracker\LaptopTracker\LaptopTracker.csproj]
C:\LaptopTracker\LaptopTracker\Views\WicStock\Edit.cshtml(77,36): error RZ1031: The tag helper 'option' must not have C# in the element's attribute declaration area. [C:\LaptopTracker\LaptopTracker\LaptopTracker.csproj]
C:\LaptopTracker\LaptopTracker\Views\WicStock\Edit.cshtml(98,36): error RZ1031: The tag helper 'option' must not have C# in the element's attribute declaration area. [C:\LaptopTracker\LaptopTracker\LaptopTracker.csproj]
C:\LaptopTracker\LaptopTracker\Views\WicStock\Edit.cshtml(100,41): error RZ1031: The tag helper 'option' must not have C# in the element's attribute declaration area. [C:\LaptopTracker\LaptopTracker\LaptopTracker.csproj]
C:\LaptopTracker\LaptopTracker\Views\WicStock\Edit.cshtml(112,41): error RZ1031: The tag helper 'option' must not have C# in the element's attribute declaration area. [C:\LaptopTracker\LaptopTracker\LaptopTracker.csproj]
C:\LaptopTracker\LaptopTracker\Views\WicStock\Edit.cshtml(113,44): error RZ1031: The tag helper 'option' must not have C# in the element's attribute declaration area. [C:\LaptopTracker\LaptopTracker\LaptopTracker.csproj]
C:\LaptopTracker\LaptopTracker\Views\WicStock\Index.cshtml(114,37): error RZ1031: The tag helper 'option' must not have C# in the element's attribute declaration area. [C:\LaptopTracker\LaptopTracker\LaptopTracker.csproj]
C:\LaptopTracker\LaptopTracker\Views\WicStock\Index.cshtml(115,40): error RZ1031: The tag helper 'option' must not have C# in the element's attribute declaration area. [C:\LaptopTracker\LaptopTracker\LaptopTracker.csproj]
C:\LaptopTracker\LaptopTracker\Views\WicStock\Index.cshtml(121,34): error RZ1031: The tag helper 'option' must not have C# in the element's attribute declaration area. [C:\LaptopTracker\LaptopTracker\LaptopTracker.csproj]
C:\LaptopTracker\LaptopTracker\Views\WicStock\Index.cshtml(128,32): error RZ1031: The tag helper 'option' must not have C# in the element's attribute declaration area. [C:\LaptopTracker\LaptopTracker\LaptopTracker.csproj]

Fehler beim Buildvorgang.
    25 Warnung(en)
    59 Fehler

Verstrichene Zeit 00:00:02.57
